D:\workspace\minipro\TuitionManagementSystem\src\dao\BatchDAO.java:162: warning: [dep-ann] deprecated item is not annotated with @Deprecated
    public List<Batch> getBatchesByCategory(String category) {
                       ^
Note: D:\workspace\minipro\TuitionManagementSystem\src\ui\parent\ParentFeesPanel.java uses or overrides a deprecated API.
Note: Recompile with -Xlint:deprecation for details.
Note: D:\workspace\minipro\TuitionManagementSystem\src\ui\parent\ParentOverviewPanel.java uses unchecked or unsafe operations.
Note: Recompile with -Xlint:unchecked for details.
1 warning
